// Vitest Snapshot v1, https://vitest.dev/guide/snapshot.html

exports[`NavBar.vue > deve renderizar o componente corretamente (snapshot) 1`] = `
"<section class="container-menu"><img class="logo-menu" src="/src/assets/img/pokebola.png" alt="logo pokedex">
  <nav class="links-menu"><a class="link-menu">Home</a><a class="link-menu">Favoritos</a><a class="link-menu">Hist√≥rico</a></nav>
  <div class="profile-icon"><span class="icon material-symbols-outlined"> person </span></div>
</section>"
`;
